// Jest Snapshot v1, https://goo.gl/fbAQLP

exports[`<Map /> should initially display loading msg 1`] = `
<div>
  <div
    style={
      Object {
        "height": "500px",
        "width": "100%",
      }
    }
  >
    <div
      id="ytjc02stj4e"
      style={
        Object {
          "display": "none",
          "height": "100%",
          "width": "100%",
        }
      }
    />
    Loading...
  </div>
</div>
`;
